// Jest Snapshot v1, https://goo.gl/fbAQLP

exports[`renders correctly 1`] = `
<div
  className="MuiPaper-root MuiPaper-elevation MuiPaper-rounded MuiPaper-elevation4 css-13qyio5-MuiPaper-root"
>
  <img
    alt="header"
    src="/header.png"
    style={
      Object {
        "height": "100%",
        "objectFit": "contain",
        "width": "100%",
      }
    }
  />
</div>
`;
