// Jest Snapshot v1, https://goo.gl/fbAQLP

exports[`renders correctly 1`] = `
<div
  className="MuiBox-root css-co4xce"
>
  <img
    alt="header"
    src="/header.png"
  />
</div>
`;
