// Jest Snapshot v1, https://goo.gl/fbAQLP

exports[`renders correctly 1`] = `
<div
  className="MuiPaper-root MuiPaper-elevation MuiPaper-rounded MuiPaper-elevation1 css-1uj8utb-MuiPaper-root"
>
  <p
    className="MuiTypography-root MuiTypography-body1 css-ndaqpv-MuiTypography-root"
  >
    A
  </p>
</div>
`;
