// Jest Snapshot v1, https://goo.gl/fbAQLP

exports[`renders correctly 1`] = `
<div
  className="MuiPaper-root MuiPaper-elevation MuiPaper-rounded MuiPaper-elevation1 css-1rhjugb-MuiPaper-root"
>
  <div
    className="MuiBox-root css-1nvf2ph"
  >
    <svg
      aria-hidden={true}
      className="MuiSvgIcon-root MuiSvgIcon-fontSizeMedium css-ro2m3g-MuiSvgIcon-root"
      data-testid="ArrowUpwardIcon"
      focusable="false"
      viewBox="0 0 24 24"
    >
      <path
        d="m4 12 1.41 1.41L11 7.83V20h2V7.83l5.58 5.59L20 12l-8-8-8 8z"
      />
    </svg>
    <svg
      aria-hidden={true}
      className="MuiSvgIcon-root MuiSvgIcon-fontSizeMedium css-f9jn21-MuiSvgIcon-root"
      data-testid="ArrowUpwardIcon"
      focusable="false"
      viewBox="0 0 24 24"
    >
      <path
        d="m4 12 1.41 1.41L11 7.83V20h2V7.83l5.58 5.59L20 12l-8-8-8 8z"
      />
    </svg>
    <svg
      aria-hidden={true}
      className="MuiSvgIcon-root MuiSvgIcon-fontSizeMedium css-1wvslln-MuiSvgIcon-root"
      data-testid="ArrowBackIcon"
      focusable="false"
      viewBox="0 0 24 24"
    >
      <path
        d="M20 11H7.83l5.59-5.59L12 4l-8 8 8 8 1.41-1.41L7.83 13H20v-2z"
      />
    </svg>
    <p
      className="MuiTypography-root MuiTypography-body1 css-rrlk9y-MuiTypography-root"
    >
      1
    </p>
  </div>
</div>
`;
