// Jest Snapshot v1, https://goo.gl/fbAQLP

exports[`renders correctly 1`] = `
<div
  className="MuiPaper-root MuiPaper-elevation MuiPaper-rounded MuiPaper-elevation1 css-ch5xyf-MuiPaper-root"
>
  <div>
    TEST
  </div>
</div>
`;
